// Jest Snapshot v1, https://goo.gl/fbAQLP

exports[`Ingest tests ingest of sample.ndjson: sample.ndjson 1`] = `
Array [
  "ts",
  "proto",
  "2020-02-25T16:03:05.983635Z",
  "tcp",
  "2020-02-25T16:03:06.154443Z",
  "tcp",
  "2020-02-25T16:03:07.715728Z",
  "tcp",
  "2020-02-25T16:03:07.715839Z",
  "tcp",
  "2020-02-25T16:03:08.210507Z",
  "tcp",
  "2020-02-25T16:03:08.334796Z",
  "tcp",
  "2020-02-25T16:03:08.449312Z",
  "tcp",
  "2020-02-25T16:03:08.472700Z",
  "tcp",
  "2020-02-25T16:03:08.807682Z",
  "tcp",
  "2020-02-25T16:03:10.264455Z",
  "tcp",
  "2020-02-25T16:03:10.938093Z",
  "tcp",
  "2020-02-25T16:03:12.860963Z",
  "tcp",
  "2020-02-25T16:03:13.996366Z",
  "tcp",
  "2020-02-25T16:03:15.784014Z",
  "tcp",
  "2020-02-25T16:03:15.986756Z",
  "tcp",
]
`;

exports[`Ingest tests ingest of sample.pcap: sample.pcap 1`] = `
Array [
  "ts",
  "id › orig_h",
  "id › orig_p",
  "id › resp_h",
  "id › resp_p",
  "proto",
  "2020-02-25T16:03:05.983",
  "192.168.1.110",
  "56625",
  "172.217.9.142",
  "443",
  "tcp",
  "2020-02-25T16:03:06.154",
  "192.168.1.110",
  "57591",
  "172.217.9.142",
  "443",
  "tcp",
  "2020-02-25T16:03:07.715",
  "192.168.1.110",
  "55635",
  "18.246.31.137",
  "443",
  "tcp",
  "2020-02-25T16:03:07.715",
  "192.168.1.110",
  "55747",
  "13.52.5.22",
  "443",
  "tcp",
  "2020-02-25T16:03:08.210",
  "192.168.1.110",
  "55344",
  "52.37.243.173",
  "443",
  "tcp",
  "2020-02-25T16:03:08.334",
  "192.168.1.110",
  "55346",
  "52.37.243.173",
  "443",
  "tcp",
  "2020-02-25T16:03:08.449",
  "192.168.1.110",
  "57326",
  "173.194.201.189",
  "443",
  "tcp",
  "2020-02-25T16:03:08.472",
  "192.168.1.110",
  "57487",
  "192.30.253.125",
  "443",
  "tcp",
  "2020-02-25T16:03:08.807",
  "192.168.1.110",
  "55354",
  "52.37.243.173",
  "443",
  "tcp",
  "2020-02-25T16:03:10.264",
  "192.168.1.110",
  "57332",
  "64.233.179.189",
  "443",
  "tcp",
  "2020-02-25T16:03:10.938",
  "192.168.1.110",
  "55351",
  "18.205.93.211",
  "443",
  "tcp",
  "2020-02-25T16:03:12.860",
  "192.168.1.110",
  "57635",
  "17.125.252.5",
  "443",
  "tcp",
  "2020-02-25T16:03:13.996",
  "192.168.1.110",
  "57640",
  "209.216.230.240",
  "443",
  "tcp",
  "2020-02-25T16:03:15.784",
  "192.168.1.110",
  "57572",
  "172.217.6.138",
  "443",
  "tcp",
  "2020-02-25T16:03:15.986",
  "192.168.1.110",
  "57540",
  "172.217.1.138",
  "443",
  "tcp",
]
`;

exports[`Ingest tests ingest of sample.pcapng: sample.pcapng 1`] = `
Array [
  "ts",
  "id › orig_h",
  "id › orig_p",
  "id › resp_h",
  "id › resp_p",
  "proto",
  "2020-02-25T16:03:05.983",
  "192.168.1.110",
  "56625",
  "172.217.9.142",
  "443",
  "tcp",
  "2020-02-25T16:03:06.154",
  "192.168.1.110",
  "57591",
  "172.217.9.142",
  "443",
  "tcp",
  "2020-02-25T16:03:07.715",
  "192.168.1.110",
  "55635",
  "18.246.31.137",
  "443",
  "tcp",
  "2020-02-25T16:03:07.715",
  "192.168.1.110",
  "55747",
  "13.52.5.22",
  "443",
  "tcp",
  "2020-02-25T16:03:08.210",
  "192.168.1.110",
  "55344",
  "52.37.243.173",
  "443",
  "tcp",
  "2020-02-25T16:03:08.334",
  "192.168.1.110",
  "55346",
  "52.37.243.173",
  "443",
  "tcp",
  "2020-02-25T16:03:08.449",
  "192.168.1.110",
  "57326",
  "173.194.201.189",
  "443",
  "tcp",
  "2020-02-25T16:03:08.472",
  "192.168.1.110",
  "57487",
  "192.30.253.125",
  "443",
  "tcp",
  "2020-02-25T16:03:08.807",
  "192.168.1.110",
  "55354",
  "52.37.243.173",
  "443",
  "tcp",
  "2020-02-25T16:03:10.264",
  "192.168.1.110",
  "57332",
  "64.233.179.189",
  "443",
  "tcp",
  "2020-02-25T16:03:10.938",
  "192.168.1.110",
  "55351",
  "18.205.93.211",
  "443",
  "tcp",
  "2020-02-25T16:03:12.860",
  "192.168.1.110",
  "57635",
  "17.125.252.5",
  "443",
  "tcp",
  "2020-02-25T16:03:13.996",
  "192.168.1.110",
  "57640",
  "209.216.230.240",
  "443",
  "tcp",
  "2020-02-25T16:03:15.784",
  "192.168.1.110",
  "57572",
  "172.217.6.138",
  "443",
  "tcp",
  "2020-02-25T16:03:15.986",
  "192.168.1.110",
  "57540",
  "172.217.1.138",
  "443",
  "tcp",
]
`;

exports[`Ingest tests ingest of sample.tsv: sample.tsv 1`] = `
Array [
  "ts",
  "id › orig_h",
  "id › orig_p",
  "id › resp_h",
  "id › resp_p",
  "proto",
  "2020-02-25T16:03:05.983",
  "192.168.1.110",
  "56625",
  "172.217.9.142",
  "443",
  "tcp",
  "2020-02-25T16:03:06.154",
  "192.168.1.110",
  "57591",
  "172.217.9.142",
  "443",
  "tcp",
  "2020-02-25T16:03:07.715",
  "192.168.1.110",
  "55635",
  "18.246.31.137",
  "443",
  "tcp",
  "2020-02-25T16:03:07.715",
  "192.168.1.110",
  "55747",
  "13.52.5.22",
  "443",
  "tcp",
  "2020-02-25T16:03:08.210",
  "192.168.1.110",
  "55344",
  "52.37.243.173",
  "443",
  "tcp",
  "2020-02-25T16:03:08.334",
  "192.168.1.110",
  "55346",
  "52.37.243.173",
  "443",
  "tcp",
  "2020-02-25T16:03:08.449",
  "192.168.1.110",
  "57326",
  "173.194.201.189",
  "443",
  "tcp",
  "2020-02-25T16:03:08.472",
  "192.168.1.110",
  "57487",
  "192.30.253.125",
  "443",
  "tcp",
  "2020-02-25T16:03:08.807",
  "192.168.1.110",
  "55354",
  "52.37.243.173",
  "443",
  "tcp",
  "2020-02-25T16:03:10.264",
  "192.168.1.110",
  "57332",
  "64.233.179.189",
  "443",
  "tcp",
  "2020-02-25T16:03:10.938",
  "192.168.1.110",
  "55351",
  "18.205.93.211",
  "443",
  "tcp",
  "2020-02-25T16:03:12.860",
  "192.168.1.110",
  "57635",
  "17.125.252.5",
  "443",
  "tcp",
  "2020-02-25T16:03:13.996",
  "192.168.1.110",
  "57640",
  "209.216.230.240",
  "443",
  "tcp",
  "2020-02-25T16:03:15.784",
  "192.168.1.110",
  "57572",
  "172.217.6.138",
  "443",
  "tcp",
  "2020-02-25T16:03:15.986",
  "192.168.1.110",
  "57540",
  "172.217.1.138",
  "443",
  "tcp",
]
`;

exports[`Ingest tests ingest of sample.zng: sample.zng 1`] = `
Array [
  "ts",
  "id › orig_h",
  "id › orig_p",
  "id › resp_h",
  "id › resp_p",
  "proto",
  "2020-02-25T16:03:05.983",
  "192.168.1.110",
  "56625",
  "172.217.9.142",
  "443",
  "tcp",
  "2020-02-25T16:03:06.154",
  "192.168.1.110",
  "57591",
  "172.217.9.142",
  "443",
  "tcp",
  "2020-02-25T16:03:07.715",
  "192.168.1.110",
  "55635",
  "18.246.31.137",
  "443",
  "tcp",
  "2020-02-25T16:03:07.715",
  "192.168.1.110",
  "55747",
  "13.52.5.22",
  "443",
  "tcp",
  "2020-02-25T16:03:08.210",
  "192.168.1.110",
  "55344",
  "52.37.243.173",
  "443",
  "tcp",
  "2020-02-25T16:03:08.334",
  "192.168.1.110",
  "55346",
  "52.37.243.173",
  "443",
  "tcp",
  "2020-02-25T16:03:08.449",
  "192.168.1.110",
  "57326",
  "173.194.201.189",
  "443",
  "tcp",
  "2020-02-25T16:03:08.472",
  "192.168.1.110",
  "57487",
  "192.30.253.125",
  "443",
  "tcp",
  "2020-02-25T16:03:08.807",
  "192.168.1.110",
  "55354",
  "52.37.243.173",
  "443",
  "tcp",
  "2020-02-25T16:03:10.264",
  "192.168.1.110",
  "57332",
  "64.233.179.189",
  "443",
  "tcp",
  "2020-02-25T16:03:10.938",
  "192.168.1.110",
  "55351",
  "18.205.93.211",
  "443",
  "tcp",
  "2020-02-25T16:03:12.860",
  "192.168.1.110",
  "57635",
  "17.125.252.5",
  "443",
  "tcp",
  "2020-02-25T16:03:13.996",
  "192.168.1.110",
  "57640",
  "209.216.230.240",
  "443",
  "tcp",
  "2020-02-25T16:03:15.784",
  "192.168.1.110",
  "57572",
  "172.217.6.138",
  "443",
  "tcp",
  "2020-02-25T16:03:15.986",
  "192.168.1.110",
  "57540",
  "172.217.1.138",
  "443",
  "tcp",
]
`;
