// Jest Snapshot v1, https://goo.gl/fbAQLP

exports[`Debug and search helpers fresh state shows default Debug Query AST 1`] = `"{\\"proc\\":{\\"op\\":\\"SourceProc\\",\\"filter\\":{\\"op\\":\\"BooleanLiteral\\",\\"value\\":true}}}"`;

exports[`Debug and search helpers write into main search shows Debug Query AST (update snapshot after fixing PROD-950) 1`] = `"{\\"proc\\":{\\"op\\":\\"SourceProc\\",\\"filter\\":{\\"op\\":\\"BooleanLiteral\\",\\"value\\":true}}}"`;

exports[`Debug and search helpers write invalid search into Debug Query shows reasonable error 1`] = `"SyntaxError: Expected \\"=\\", [A-Za-z0-9_.], or whitespace but \\"(\\" found."`;

exports[`Debug and search helpers write new search into Debug Query shows AST 1`] = `"{\\"proc\\":{\\"op\\":\\"SequentialProc\\",\\"procs\\":[{\\"op\\":\\"SourceProc\\",\\"filter\\":{\\"op\\":\\"CompareField\\",\\"comparator\\":\\"eql\\",\\"field\\":{\\"op\\":\\"FieldRead\\",\\"field\\":\\"_path\\"},\\"value\\":{\\"type\\":\\"string\\",\\"value\\":\\"x509\\"}}},{\\"op\\":\\"GroupByProc\\",\\"keys\\":[\\"certificate.version\\"],\\"reducers\\":[{\\"op\\":\\"Count\\",\\"var\\":\\"count\\"}],\\"duration\\":{\\"type\\":\\"Duration\\",\\"seconds\\":86400}},{\\"op\\":\\"SortProc\\",\\"fields\\":[\\"ts\\",\\"certification.version\\"],\\"sortdir\\":1}]}}"`;
