// Jest Snapshot v1, https://goo.gl/fbAQLP

exports[`Preferences Modal Tests setting a custom json type config 1`] = `
Array [
  "ts",
  "src_ip",
  "src_port",
  "dst_ip",
  "dst_port",
  "proto",
  "2020-02-25T16:03:05.983",
  "192.168.1.110",
  "56625",
  "172.217.9.142",
  "443",
  "tcp",
  "2020-02-25T16:03:06.154",
  "192.168.1.110",
  "57591",
  "172.217.9.142",
  "443",
  "tcp",
  "2020-02-25T16:03:07.715",
  "192.168.1.110",
  "55635",
  "18.246.31.137",
  "443",
  "tcp",
  "2020-02-25T16:03:07.715",
  "192.168.1.110",
  "55747",
  "13.52.5.22",
  "443",
  "tcp",
  "2020-02-25T16:03:08.210",
  "192.168.1.110",
  "55344",
  "52.37.243.173",
  "443",
  "tcp",
]
`;
