// Jest Snapshot v1, https://goo.gl/fbAQLP

exports[`Preferences Modal Tests setting a custom json type config 1`] = `
"2020-02-25T16:03:17Z
capture_loss
11.854892015457153
zeek
0
6
0
2020-02-25T16:03:15Z
conn
CyE3UUwhn1u7RfHzl
192.168.1.110
57540
172.217.1.138
443
tcp
â¦»
0.06002688407897949
39
39
OTH
â¦»
â¦»
0
DdA
2
143
1
91
{
}
2020-02-25T16:03:15Z
conn
C96mYg3dHh6qk0tIKl
192.168.1.110
57572
172.217.6.138
443
tcp
â¦»
0.05391693115234375
63
0
SF
â¦»
â¦»
0
DFafA
4
271
3
156
{
}
2020-02-25T16:03:15Z
conn
CW0ZEh15E80oiZMuF4
192.168.1.179
51524
192.168.1.255
15600
udp
â¦»
â¦»
â¦»
â¦»
S0
â¦»
â¦»
0
D
1
63
0
0
{
}
2020-02-25T16:03:14Z
files
FMa5RD1f8J80UyJKQe
{
209.216.230.240
}
{
192.168.1.110
}
{
CHpIVG1QXAEWTym6v
}
SSL
0
{
MD5
,
SHA1
}
application/ocsp-response
â¦»
0
â¦»
F
471
â¦»
0
0
F
â¦»
fca4341c673e74dc3e330e1640e9b7d4
570304f7776ed6ca29464404554fb927395328e6
â¦»
â¦»
â¦»
â¦»
2020-02-25T16:03:14Z
files
FXkLzR25cwYgeI5yI7
{
209.216.230.240
}
{
192.168.1.110
}
{
CHpIVG1QXAEWTym6v
}
SSL
0
{
MD5
,
SHA1
,
X509
}
application/x-x509-user-cert
â¦»
0
â¦»
F
1,711
â¦»
0
0
F
â¦»
d16bf2ff6647cb8bccce2594e9237e50
987050ffb905cad3a79a8596c2120db97c03a165
â¦»
â¦»
â¦»
â¦»
2020-02-25T16:03:14Z
files
Frbo5s1CRsV02JUoSe
{
209.216.230.240
}
{
192.168.1.110
}
{
CHpIVG1QXAEWTym6v
}
SSL
0
{
MD5
,
SHA1
,
X509
}
application/x-x509-ca-cert
â¦»
0
â¦»
F
1,176
â¦»
0
0
F
â¦»
345eff15b7a49add451b65a7f4bdc6ae
1fb86b1168ec743154062e8c9cc5b171a4b7ccb4
â¦»
â¦»
â¦»
â¦»
2020-02-25T16:03:14Z
files
F1VUER3CattO8PiHWc
{
209.216.230.240
}
{
192.168.1.110
}
{
CHpIVG1QXAEWTym6v
}
SSL
0
{
MD5
,
SHA1
,
X509
}
application/x-x509-ca-cert
â¦»
0
â¦»
F
947
â¦»
0
0
F
â¦»
79e4a9840d7d3a96d7c04fe2434c892e
a8985d3a65e5e5c4b2d7d66d40c6dd2fb19c5436
â¦»
â¦»
â¦»
â¦»
2020-02-25T16:03:14Z
x509
FXkLzR25cwYgeI5yI7
3
074FE902C6B7D619884E1CA1854D9178
CN=news.ycombinator.com,O=Y Combinator\\\\\\\\, Inc.,L=San Francisco,ST=California,C=US
CN=DigiCert SHA2 Secure Server CA,O=DigiCert Inc,C=US
2019-07-08T07:00:00Z
2021-09-10T19:00:00Z
rsaEncryption
sha256WithRSAEncryption
rsa
2,048
65537
â¦»
[
news.ycombinator.com
]
[
]
[
]
[
]
F
â¦»
2020-02-25T16:03:14Z
ssl
CHpIVG1QXAEWTym6v
192.168.1.110
57640
209.216.230.240
443
TLSv12
TLS_ECDHE_RSA_WITH_AES_256_GCM_SHA384
secp256r1
news.ycombinator.com
F
â¦»
http/1.1
T
[
FXkLzR25cwYgeI5yI7
,
Frbo5s1CRsV02JUoSe
,
F1VUER3CattO8PiHWc
]
[
]
CN=news.ycombinator.com,O=Y Combinator\\\\\\\\, Inc.,L=San Francisco,ST=California,C=US
CN=DigiCert SHA2 Secure Server CA,O=DigiCert Inc,C=US
â¦»
â¦»
ok
2020-02-25T16:03:13Z
conn
CHpIVG1QXAEWTym6v
192.168.1.110
57640
209.216.230.240
443
tcp
ssl
0.10462594032287598
1,088
6,425
S1
â¦»
â¦»
0
ShADda
10
1,620
8
6,849
{
}
2020-02-25T16:03:13Z
conn
Cof4bD2JRa0kXKZo5k
192.168.1.110
51848
192.168.1.254
53
udp
dns
0.0169069766998291
38
54
SF
â¦»
â¦»
0
Dd
1
66
1
82
{
}
2020-02-25T16:03:13Z
dns
Cof4bD2JRa0kXKZo5k
192.168.1.110
51848
192.168.1.254
53
udp
47,856
0.0169069766998291
news.ycombinator.com
1
C_INTERNET
1
A
0
NOERROR
F
F
T
T
0
[
209.216.230.240
]
[
35
]
F
2020-02-25T16:03:12Z
conn
CR0J3f0wL63nIM5ga
192.168.1.110
57635
17.125.252.5
443
tcp
â¦»
0.5938777923583984
699
305
OTH
â¦»
â¦»
0
DadA
5
899
5
505
{
}
2020-02-25T16:03:11Z
conn
CQ137z1tDVuWxqRxR2
192.168.1.110
54375
192.168.1.254
53
udp
dns
0.01794600486755371
46
62
SF
â¦»
â¦»
0
Dd
1
74
1
90
{
}
2020-02-25T16:03:11Z
dns
CQ137z1tDVuWxqRxR2
192.168.1.110
54375
192.168.1.254
53
udp
28,084
0.01794600486755371
11.client-channel.google.com
1
C_INTERNET
1
A
0
NOERROR
F
F
T
T
0
[
173.194.201.189
]
[
213
]
F
2020-02-25T16:03:10Z
conn
C2vpb52uHsiH1lrhY5
192.168.1.110
55351
18.205.93.211
443
tcp
â¦»
0.08867907524108887
215
193
OTH
â¦»
â¦»
0
DadA
2
319
2
297
{
}
2020-02-25T16:03:10Z
conn
CjZSaP1lgDVf4GsIN3
192.168.1.110
57332
64.233.179.189
443
tcp
â¦»
1.0791869163513184
363
382
OTH
â¦»
â¦»
0
^dADa
7
727
7
746
{
}
2020-02-25T16:03:09Z
conn
CW7RMQqzAtSG0N7P1
192.168.1.179
47783
192.168.1.255
15600
udp
â¦»
â¦»
â¦»
â¦»
S0
â¦»
â¦»
0
D
1
63
0
0
{
}
2020-02-25T16:03:08Z
conn
CvdVQi4kuEGcaK6dq2
192.168.1.110
55354
52.37.243.173
443
tcp
â¦»
0.7618169784545898
114
56
OTH
â¦»
â¦»
0
DdAa
3
270
2
160
{
}
2020-02-25T16:03:08Z
conn
Ccr57r21XgKVazIICf
192.168.1.110
57487
192.30.253.125
443
tcp
â¦»
0.07794380187988281
28
24
OTH
â¦»
â¦»
0
^dADa
2
132
2
128
{
}
2020-02-25T16:03:08Z
conn
CiAOe94TJ2ei2zd6Cg
192.168.1.110
57326
173.194.201.189
443
tcp
â¦»
1.152367115020752
403
380
OTH
â¦»
â¦»
0
^dADa
7
767
7
744
{
}
2020-02-25T16:03:08Z
conn
Cq24042YRBPRCjYw73
192.168.1.110
55346
52.37.243.173
443
tcp
â¦»
1.2302970886230469
114
56
OTH
â¦»
â¦»
0
DdAa
3
270
2
160
{
}
2020-02-25T16:03:08Z
conn
CMDC9B1cyR6VNxwPag
192.168.1.110
55344
52.37.243.173
443
tcp
â¦»
0.03426098823547363
56
56
OTH
â¦»
â¦»
0
DadA
2
160
2
160
{
}
2020-02-25T16:03:07Z
conn
CvXyT7zWJ8Z8laJxg
192.168.1.110
55747
13.52.5.22
443
tcp
â¦»
0.017642974853515625
39
39
OTH
â¦»
â¦»
0
DdA
2
143
1
91
{
}
2020-02-25T16:03:07Z
conn
CWJsEz44vPePOSfllj
192.168.1.110
55635
18.246.31.137
443
tcp
â¦»
0.040701866149902344
39
39
OTH
â¦»
â¦»
0
DdA
2
143
1
91
{
}
2020-02-25T16:03:06Z
weird
â¦»
â¦»
â¦»
â¦»
â¦»
unknown_protocol
2
F
zeek
2020-02-25T16:03:06Z
conn
CaaI2s2TPbLyAmLsoh
192.168.1.110
57591
172.217.9.142
443
tcp
â¦»
0.21641206741333008
2,511
3,263
OTH
â¦»
â¦»
0
DadA
11
3,083
9
3,731
{
}
2020-02-25T16:03:05Z
conn
CFRnBd4kFJEPw0NIyd
192.168.1.110
56625
172.217.9.142
443
tcp
â¦»
11.317513942718506
2,801
1,306
OTH
â¦»
â¦»
0
DadA
16
3,633
16
2,138
{
}
2020-02-25T16:03:05Z
stats
zeek
72
1
1,001
â¦»
â¦»
â¦»
405
12
1
0
0
1
0
0
38
34
0
0
0
0
1,008
0
0
0
End of results ðŸŽ‰"
`;
