// Jest Snapshot v1, https://goo.gl/fbAQLP

exports[`Test search mods via right-clicks Count by / Pivot to logs works 1`] = `
Array [
  "ts",
  "_path",
  "uids",
  "client_addr",
  "server_addr",
  "mac",
  "host_name",
  "client_fqdn",
  "domain",
  "requested_addr",
  "assigned_addr",
  "lease_time",
  "client_message",
  "server_message",
  "msg_types",
  "duration",
  "04/13/1509:3126.5080",
  "dhcp",
  "CyZar62ctcnhulIaNa",
  "Ca2wwF3Suk40Z1cvB1",
  "192.168.0.54",
  "⦻",
  "ec:f4:bb:4f:b0:96",
  "Dell-Dator32",
  "⦻",
  "pwned.se",
  "⦻",
  "⦻",
  "⦻",
  "⦻",
  "⦻",
  "INFORM",
  "ACK",
  "0.024792",
  "04/13/1509:2148.1440",
  "dhcp",
  "CT4qoR3HvydUH88jL5",
  "C55csu2Gcl4uqjpq3h",
  "192.168.0.54",
  "⦻",
  "ec:f4:bb:4f:b0:96",
  "Dell-Dator32",
  "⦻",
  "pwned.se",
  "⦻",
  "⦻",
  "⦻",
  "⦻",
  "⦻",
  "INFORM",
  "ACK",
  "0.011216",
  "04/13/1509:1145.2980",
  "dhcp",
  "CsCHyE2ASmdH86SpPj",
  "CobQkE2ubFvnevozP",
  "192.168.0.54",
  "⦻",
  "ec:f4:bb:4f:b0:96",
  "Dell-Dator32",
  "⦻",
  "pwned.se",
  "⦻",
  "⦻",
  "⦻",
  "⦻",
  "⦻",
  "INFORM",
  "ACK",
  "0.016169",
]
`;

exports[`Test search mods via right-clicks Include / Exclude this value works 1`] = `
Array [
  "ts",
  "_path",
  "uid",
  "id.orig_h",
  "id.orig_p",
  "id.resp_h",
  "id.resp_p",
  "proto",
  "trans_id",
  "rtt",
  "query",
  "qclass",
  "qclass_name",
  "qtype",
  "qtype_name",
  "rcode",
  "rcode_name",
  "AA",
  "TC",
  "RD",
  "RA",
  "Z",
  "answers",
  "TTLs",
  "rejected",
  "04/13/1509:3444.7270",
  "dns",
  "CgVEQNkcytYYMtmE5",
  "192.168.0.51",
  "5353",
  "224.0.0.251",
  "5353",
  "udp",
  "0",
  "⦻",
  "_workstation._tcp.local",
  "⦻",
  "⦻",
  "⦻",
  "⦻",
  "0",
  "NOERROR",
  "T",
  "F",
  "F",
  "F",
  "0",
  "homer-xubuntu [ec:f4:bb:4f:b2:45]._workstation._tcp.local",
  "homer-xubuntu.local",
  "",
  "",
  "",
  "",
  "",
  "",
  "0",
  "0",
  "0",
  "0",
  "0",
  "0",
  "0",
  "0",
  "F",
]
`;

exports[`Test search mods via right-clicks New Search works 1`] = `
Array [
  "ts",
  "_path",
  "uid",
  "id.orig_h",
  "id.orig_p",
  "id.resp_h",
  "id.resp_p",
  "name",
  "addl",
  "notice",
  "peer",
  "04/13/1509:3245.1400",
  "weird",
  "CZehjU3zE0mxEXiC41",
  "192.168.0.53",
  "3683",
  "192.168.0.1",
  "8080",
  "unknown_HTTP_method",
  "UNSUBSCRIBE",
  "F",
  "bro",
  "04/13/1509:3245.1220",
  "weird",
  "Ctd0Gv1XC3Z0UV1iX",
  "192.168.0.53",
  "3682",
  "192.168.0.1",
  "8080",
  "unknown_HTTP_method",
  "UNSUBSCRIBE",
  "F",
  "bro",
  "04/13/1509:3151.9870",
  "weird",
  "⦻",
  "⦻",
  "⦻",
  "⦻",
  "⦻",
  "unknown_protocol_2",
  "⦻",
  "F",
  "bro",
  "04/13/1509:3127.8210",
  "weird",
  "CbtgYm2YYGmfYsyaC4",
  "192.168.0.54",
  "53147",
  "216.58.209.134",
  "80",
  "inflate_failed",
  "⦻",
  "F",
  "bro",
]
`;

exports[`Test search mods via right-clicks Use as start/end time works 1`] = `
Array [
  "ts",
  "_path",
  "uid",
  "id.orig_h",
  "id.orig_p",
  "id.resp_h",
  "id.resp_p",
  "proto",
  "service",
  "duration",
  "orig_bytes",
  "resp_bytes",
  "conn_state",
  "local_orig",
  "local_resp",
  "missed_bytes",
  "history",
  "orig_pkts",
  "orig_ip_bytes",
  "resp_pkts",
  "resp_ip_bytes",
  "tunnel_parents",
  "04/13/1509:3444.7270",
  "conn",
  "CgVEQNkcytYYMtmE5",
  "192.168.0.51",
  "5353",
  "224.0.0.251",
  "5353",
  "udp",
  "dns",
  "⦻",
  "⦻",
  "⦻",
  "S0",
  "T",
  "F",
  "0",
  "D",
  "1",
  "385",
  "0",
  "0",
  "04/13/1509:3444.7270",
  "conn",
  "CvQFdh38Er1i3XP0Nd",
  "fe80::eef4:bbff:fe4f:b245",
  "5353",
  "ff02::fb",
  "5353",
  "udp",
  "dns",
  "⦻",
  "⦻",
  "⦻",
  "S0",
  "F",
  "F",
  "0",
  "D",
  "1",
  "354",
  "0",
  "0",
  "04/13/1509:3413.2420",
  "conn",
  "CZusuU27VRdyfg5thj",
  "192.168.0.51",
  "138",
  "192.168.0.255",
  "138",
  "udp",
  "⦻",
  "0.000031",
  "474",
  "0",
  "S0",
  "T",
  "T",
  "0",
  "D",
  "2",
  "530",
  "0",
  "0",
  "04/13/1509:3303.2450",
  "conn",
  "Ct5sPR3IvG5vk8kg5a",
  "192.168.0.51",
  "5353",
  "224.0.0.251",
  "5353",
  "udp",
  "dns",
  "⦻",
  "⦻",
  "⦻",
  "S0",
  "T",
  "F",
  "0",
  "D",
  "1",
  "100",
  "0",
  "0",
  "04/13/1509:3303.2450",
  "conn",
  "Clu1U4356BfPVhdLQ1",
  "192.168.0.2",
  "5353",
  "224.0.0.251",
  "5353",
  "udp",
  "dns",
  "⦻",
  "⦻",
  "⦻",
  "S0",
  "T",
  "F",
  "0",
  "D",
  "1",
  "364",
  "0",
  "0",
  "04/13/1509:3245.1380",
  "conn",
  "CZehjU3zE0mxEXiC41",
  "192.168.0.53",
  "3683",
  "192.168.0.1",
  "8080",
  "tcp",
  "http",
  "0.004476",
  "241",
  "19",
  "S3",
  "T",
  "T",
  "0",
  "ShADadf",
  "4",
  "409",
  "4",
  "183",
]
`;

exports[`Test search mods via right-clicks conn for www.mybusinessdoc.com is found via correlation 1`] = `
Array [
  "ts",
  "_path",
  "uid",
  "id.orig_h",
  "id.orig_p",
  "id.resp_h",
  "id.resp_p",
  "trans_depth",
  "method",
  "host",
  "uri",
  "referrer",
  "version",
  "user_agent",
  "request_body_len",
  "response_body_len",
  "status_code",
  "status_msg",
  "info_code",
  "info_msg",
  "tags",
  "username",
  "password",
  "proxied",
  "orig_fuids",
  "orig_filenames",
  "orig_mime_types",
  "resp_fuids",
  "resp_filenames",
  "resp_mime_types",
  "04/07/1513:3444.2440",
  "http",
  "C9FG8S2NvxVUR0b0La",
  "192.168.0.53",
  "2210",
  "68.164.182.11",
  "80",
  "1",
  "GET",
  "www.mybusinessdoc.com",
  "/document.php?rnd=3271&id=5555525E01160D0F4A0C0E010809120D0F240309050D084A070B09",
  "⦻",
  "1.1",
  "Mozilla/4.0 (compatible; MSIE 7.0; Windows NT 5.1; Trident/4.0)",
  "0",
  "318,883",
  "200",
  "OK",
  "⦻",
  "⦻",
  "⦻",
  "⦻",
  "FGx5ts2iCMfZSUgO8c",
  "c87ed3c.gif",
  "application/x-dosexec",
  "04/07/1513:3446.7830",
  "http",
  "C9FG8S2NvxVUR0b0La",
  "192.168.0.53",
  "2210",
  "68.164.182.11",
  "80",
  "2",
  "GET",
  "www.mybusinessdoc.com",
  "/document.php?rnd=5292&id=5555525E01160D0F4A0C0E010809120D0F240309050D084A070B09",
  "⦻",
  "1.1",
  "Mozilla/4.0 (compatible; MSIE 7.0; Windows NT 5.1; Trident/4.0)",
  "0",
  "192,512",
  "200",
  "OK",
  "⦻",
  "⦻",
  "⦻",
  "⦻",
  "FuFeW33aTSTxXihCql",
  "551d88323f7e.gif",
  "application/x-dosexec",
  "04/07/1513:3448.1830",
  "http",
  "C9FG8S2NvxVUR0b0La",
  "192.168.0.53",
  "2210",
  "68.164.182.11",
  "80",
  "3",
  "GET",
  "www.mybusinessdoc.com",
  "/document.php?rnd=9813&id=5555525E01160D0F4A0C0E010809120D0F240309050D084A070B09",
  "⦻",
  "1.1",
  "Mozilla/4.0 (compatible; MSIE 7.0; Windows NT 5.1; Trident/4.0)",
  "0",
  "1,536",
  "200",
  "OK",
  "⦻",
  "⦻",
  "⦻",
  "⦻",
  "F2rjhJZAjwGdIvTM8",
  "f7.gif",
  "application/x-dosexec",
]
`;

exports[`Test search mods via right-clicks conn for www.mybusinessdoc.com is found via correlation 2`] = `
Array [
  Array [
    "13:34:43.772",
    "13:34:44.244",
    "13:34:44.563",
    "13:34:46.783",
    "13:34:47.442",
    "13:34:48.183",
    "13:34:48.373",
    "Duration: 5.908916s",
  ],
  Array [
    "conn",
    "http",
    "files",
    "http",
    "files",
    "http",
    "files",
  ],
  Array [
    "Duration: 5.908916s",
  ],
]
`;
