// Jest Snapshot v1, https://goo.gl/fbAQLP

exports[`Smoke test pcap ingest 1`] = `
Array [
  "ts",
  "id.orig_h",
  "id.orig_p",
  "id.resp_h",
  "id.resp_p",
  "proto",
  "02/25/2016:0305.9830",
  "192.168.1.110",
  "56625",
  "172.217.9.142",
  "443",
  "tcp",
  "02/25/2016:0306.1540",
  "192.168.1.110",
  "57591",
  "172.217.9.142",
  "443",
  "tcp",
  "02/25/2016:0307.7150",
  "192.168.1.110",
  "55635",
  "18.246.31.137",
  "443",
  "tcp",
  "02/25/2016:0307.7150",
  "192.168.1.110",
  "55747",
  "13.52.5.22",
  "443",
  "tcp",
  "02/25/2016:0308.2100",
  "192.168.1.110",
  "55344",
  "52.37.243.173",
  "443",
  "tcp",
  "02/25/2016:0308.3340",
  "192.168.1.110",
  "55346",
  "52.37.243.173",
  "443",
  "tcp",
  "02/25/2016:0308.4490",
  "192.168.1.110",
  "57326",
  "173.194.201.189",
  "443",
  "tcp",
  "02/25/2016:0308.4720",
  "192.168.1.110",
  "57487",
  "192.30.253.125",
  "443",
  "tcp",
  "02/25/2016:0308.8070",
  "192.168.1.110",
  "55354",
  "52.37.243.173",
  "443",
  "tcp",
  "02/25/2016:0310.2640",
  "192.168.1.110",
  "57332",
  "64.233.179.189",
  "443",
  "tcp",
  "02/25/2016:0310.9380",
  "192.168.1.110",
  "55351",
  "18.205.93.211",
  "443",
  "tcp",
  "02/25/2016:0312.8600",
  "192.168.1.110",
  "57635",
  "17.125.252.5",
  "443",
  "tcp",
  "02/25/2016:0313.9960",
  "192.168.1.110",
  "57640",
  "209.216.230.240",
  "443",
  "tcp",
  "02/25/2016:0315.7840",
  "192.168.1.110",
  "57572",
  "172.217.6.138",
  "443",
  "tcp",
  "02/25/2016:0315.9860",
  "192.168.1.110",
  "57540",
  "172.217.1.138",
  "443",
  "tcp",
]
`;
